; Top Design: "efi_hf-prakt_lib:Emitterbeschaltung:schematic"
; Netlisted using Hierarchy Policy: "Standard"

Options ResourceUsage=yes UseNutmegFormat=no EnableOptim=no TopDesignName="efi_hf-prakt_lib:Emitterbeschaltung:schematic" DcopOutputNodeVoltages=yes DcopOutputPinCurrents=yes DcopOutputAllSweepPoints=no DcopOutputDcopType=0
; Library Name: efi_hf-prakt_lib
; Cell Name: BFP420_S2P_2V55M0
; View Name: schematic
define BFP420_S2P_2V55M0 ( P1  P2  P3  P4 ) 
parameters  SUBST="MSub1" 
#uselib "ckt" , "S2P"
S2P:SNP1  P1 P3 P2 File="C:\Users\daniel.baer\Documents\Studium\MSY\mESY4-2\HF_Prk\efi_hf-prakt_wrk\data\2P2V55M0_2009.S2P" Type="touchstone" InterpMode="linear" InterpDom="" ExtrapMode="constant" Temp=27.0 CheckPassivity=0 
R:R1  P2 P4 R=0.01 Ohm Noise=yes 
MLOC2:TL4  P4 Subst=SUBST W=0.4 mm L=0.3 mm Wall1=1.0E+30 mil Wall2=1.0E+30 mil Mod=1 
MLOC2:TL3  P2 Subst=SUBST W=0.7 mm L=0.3 mm Wall1=1.0E+30 mil Wall2=1.0E+30 mil Mod=1 
MLOC2:TL2  P3 Subst=SUBST W=0.4 mm L=0.3 mm Wall1=1.0E+30 mil Wall2=1.0E+30 mil Mod=1 
MLOC2:TL1  P1 Subst=SUBST W=0.4 mm L=0.3 mm Wall1=1.0E+30 mil Wall2=1.0E+30 mil Mod=1 
end BFP420_S2P_2V55M0


whf=1.52 mm
wvia=1.8 mm
w0805=1.22 mm
wdc=0.25 mm
S_Param:SP1 CalcS=yes CalcY=no CalcZ=no GroupDelayAperture=1e-4 FreqConversion=no FreqConversionPort=1 StatusLevel=2 CalcNoise=yes SortNoise=4 NoiseThresh=5 BandwidthForNoise=1.0 Hz DevOpPtLevel=0 NoiseInputPort=1 NoiseOutputPort=2 SPSS_WSP=yes \
SweepVar="freq" SweepPlan="SP1_stim" OutputPlan="SP1_Output" 

SweepPlan: SP1_stim Start=100 MHz Stop=6.0 GHz Step=1.0 MHz 

OutputPlan:SP1_Output \
      Type="Output" \
      UseEquationNestLevel=yes \
      EquationNestLevel=2 \
      UseSavedEquationNestLevel=yes \
      SavedEquationNestLevel=2

#load "python","LinearCollapse"
Component Module="LinearCollapse" Type="ModelExtractor" NetworkRepresentation=2
model MSub1 MSUB H=0.8 mm Er=4.28 Mur=1 Cond=5.8e+7 Hu=2.5 meter T=35 um TanD=0.019 Rough=0 mil DielectricLossModel=1 FreqForEpsrTanD=1.0 GHz LowFreqForTanD=1.0 kHz HighFreqForTanD=1.0 THz RoughnessModel=2 
Port:Term1  N__15 0 Num=1 Z=50 Ohm Noise=yes 
Port:Term2  N__17 0 Num=2 Z=50 Ohm Noise=yes 
VIA:V2  N__5 0 D1=1 mm D2=1 mm H=0.8 mm T=35 um 
VIA:V1  N__6 0 D1=1 mm D2=1 mm H=0.8 mm T=35 um 
MLIN2:TL1  N__6 N__7 Subst="MSub1" W=wvia L=wvia/2 Wall1=2.5e+028 mm Wall2=2.5e+028 mm Mod=1 
MTAPER:Taper1  N__7 N__0 Subst="MSub1" W1=wvia W2=0.7 mm L=wvia/2 
MLIN2:TL2  N__5 N__9 Subst="MSub1" W=wvia L=wvia/2 Wall1=2.5e+028 mm Wall2=2.5e+028 mm Mod=1 
MTAPER:Taper2  N__9 N__19 Subst="MSub1" W1=wvia W2=0.4 mm L=wvia/2 

Options:Options1 Temp=16.85 Tnom=25 TopologyCheck=yes ForceS_Params=yes GiveAllWarnings=yes  \
MaxWarnings=10 ForceM_Params=yes InitialGuessAnnotation=0 TopologyCheckMessages=no doDeltaAC=no  \
ReduceSPortRatio=0.5 WarnSOA=yes MaxWarnSOA=5 Census=no MinNodalR=1e-2 Ohm  \
LargeCapThreshold=1e-3 F EnableAssertChecks=no EnableSpareRemoval=yes 

BFP420_S2P_2V55M0:T1  N__1 N__3 N__18 N__16 SUBST="MSub1" 
MSABND:Bend2  N__16 N__19 Subst="MSub1" W=0.4 mm Angle=-58 M=0.25 
MSABND:Bend1  N__3 N__0 Subst="MSub1" W=0.7 mm Angle=55 M=0.25 
MTAPER:Taper3  N__15 N__1 Subst="MSub1" W1=whf W2=0.4 mm L=1.5 mm 
MTAPER:Taper4  N__17 N__18 Subst="MSub1" W1=whf W2=0.4 mm L=1.5 mm 
